// Jest Snapshot v1, https://goo.gl/fbAQLP

exports[`[hook] useSyntaxHighlight should return the syntax highlight colors 1`] = `
Object {
  "plain": Object {
    "backgroundColor": "#25233F",
    "color": "#f8f8f2",
  },
  "styles": Array [
    Object {
      "style": Object {
        "color": "#50fa7b",
      },
      "types": Array [
        "function",
        "attr-name",
      ],
    },
    Object {
      "style": Object {
        "color": "#8be9fd",
      },
      "types": Array [
        "class-name",
        "property",
        "atrule",
      ],
    },
    Object {
      "style": Object {
        "color": "#bd93f9",
      },
      "types": Array [
        "number",
        "boolean",
        "prolog",
        "constant",
        "builtin",
      ],
    },
    Object {
      "style": Object {
        "color": "#50fa7b",
      },
      "types": Array [
        "inserted",
      ],
    },
    Object {
      "style": Object {
        "color": "#50fa7b",
      },
      "types": Array [
        "deleted",
      ],
    },
    Object {
      "style": Object {
        "color": "#ffb86c",
      },
      "types": Array [
        "changed",
      ],
    },
    Object {
      "style": Object {
        "color": "#f8f8f2",
      },
      "types": Array [
        "punctuation",
        "symbol",
      ],
    },
    Object {
      "style": Object {
        "color": "#f1fa8c",
      },
      "types": Array [
        "string",
        "attr-value",
      ],
    },
    Object {
      "style": Object {
        "color": "#ff79c6",
      },
      "types": Array [
        "char",
        "tag",
        "selector",
      ],
    },
    Object {
      "style": Object {
        "color": "#f8f8f2",
      },
      "types": Array [
        "script",
      ],
    },
    Object {
      "style": Object {
        "color": "#ff79c6",
      },
      "types": Array [
        "keyword",
        "variable",
        "operator",
      ],
    },
    Object {
      "style": Object {
        "color": "#6272a4",
      },
      "types": Array [
        "comment",
      ],
    },
  ],
}
`;
